
Marlon@DESKTOP-9Q57GQQ MINGW64 /e/testeGit (master)
$ git status
On branch master
nothing to commit, working tree clean

Marlon@DESKTOP-9Q57GQQ MINGW64 /e/testeGit (master)
$ git remote

Marlon@DESKTOP-9Q57GQQ MINGW64 /e/testeGit (master)
$ git remote add origin https://github.com/marlonhqm/testeGit.git

Marlon@DESKTOP-9Q57GQQ MINGW64 /e/testeGit (master)
$ git remote
origin

Marlon@DESKTOP-9Q57GQQ MINGW64 /e/testeGit (master)
$ git remote -v
origin  https://github.com/marlonhqm/testeGit.git (fetch)
origin  https://github.com/marlonhqm/testeGit.git (push)

Marlon@DESKTOP-9Q57GQQ MINGW64 /e/testeGit (master)
$ git push -u origin master
Enumerating objects: 35, done.
Counting objects: 100% (35/35), done.
Delta compression using up to 12 threads
Compressing objects: 100% (30/30), done.
Writing objects: 100% (35/35), 4.77 KiB | 977.00 KiB/s, done.
Total 35 (delta 11), reused 0 (delta 0), pack-reused 0
remote: Resolving deltas: 100% (11/11), done.
To https://github.com/marlonhqm/testeGit.git
 * [new branch]      master -> master
Branch 'master' set up to track remote branch 'master' from 'origin'.

Marlon@DESKTOP-9Q57GQQ MINGW64 /e/testeGit (master)
$ git status
On branch master
Your branch is up to date with 'origin/master'.

nothing to commit, working tree clean

Marlon@DESKTOP-9Q57GQQ MINGW64 /e/testeGit (master)
$